--------------------------------------------------------------------------------------
Timing Analyzer Summary
--------------------------------------------------------------------------------------

Type           : Worst-case tsu
Slack          : N/A
Required Time  : None
Actual Time    : 9.073 ns
From           : DR[1]
To             : reg:Areg03|Q[15]
From Clock     : 
To Clock       : clk
Failed Paths   : 0

Type           : Worst-case tco
Slack          : N/A
Required Time  : None
Actual Time    : 12.896 ns
From           : reg:Areg01|Q[5]
To             : SR_data[5]
From Clock     : clk
To Clock       : 
Failed Paths   : 0

Type           : Worst-case tpd
Slack          : N/A
Required Time  : None
Actual Time    : 16.360 ns
From           : SR[1]
To             : SR_data[11]
From Clock     : 
To Clock       : 
Failed Paths   : 0

Type           : Worst-case th
Slack          : N/A
Required Time  : None
Actual Time    : -3.712 ns
From           : d_input[8]
To             : reg:Areg02|Q[8]
From Clock     : 
To Clock       : clk
Failed Paths   : 0

Type           : Total number of failed paths
Slack          : 
Required Time  : 
Actual Time    : 
From           : 
To             : 
From Clock     : 
To Clock       : 
Failed Paths   : 0

--------------------------------------------------------------------------------------

